     1 00000000                                 [FORMAT "WCOFF"]
     2 00000000                                 [INSTRSET "i486p"]
     3 00000000                                 [OPTIMIZE 1]
     4 00000000                                 [OPTION 1]
     5 00000000                                 [BITS 32]
     6 00000000                                 	EXTERN	_table_rgb.0
     7 00000000                                 	EXTERN	_io_load_eflags
     8 00000000                                 	EXTERN	_io_cli
     9 00000000                                 	EXTERN	_io_out8
    10 00000000                                 	EXTERN	_io_store_eflags
    11 00000000                                 	EXTERN	_task_now
    12 00000000                                 	EXTERN	_hankaku
    13 00000000                                 [FILE "graphic.c"]
    14                                          [SECTION .data]
    15 00000000                                 _table_rgb.0:
    16 00000000 00                              	DB	0
    17 00000001 00                              	DB	0
    18 00000002 00                              	DB	0
    19 00000003 FF                              	DB	-1
    20 00000004 00                              	DB	0
    21 00000005 00                              	DB	0
    22 00000006 00                              	DB	0
    23 00000007 FF                              	DB	-1
    24 00000008 00                              	DB	0
    25 00000009 FF                              	DB	-1
    26 0000000A FF                              	DB	-1
    27 0000000B 00                              	DB	0
    28 0000000C 00                              	DB	0
    29 0000000D 00                              	DB	0
    30 0000000E FF                              	DB	-1
    31 0000000F FF                              	DB	-1
    32 00000010 00                              	DB	0
    33 00000011 FF                              	DB	-1
    34 00000012 00                              	DB	0
    35 00000013 FF                              	DB	-1
    36 00000014 FF                              	DB	-1
    37 00000015 FF                              	DB	-1
    38 00000016 FF                              	DB	-1
    39 00000017 FF                              	DB	-1
    40 00000018 C6                              	DB	-58
    41 00000019 C6                              	DB	-58
    42 0000001A C6                              	DB	-58
    43 0000001B 84                              	DB	-124
    44 0000001C 00                              	DB	0
    45 0000001D 00                              	DB	0
    46 0000001E 00                              	DB	0
    47 0000001F 84                              	DB	-124
    48 00000020 00                              	DB	0
    49 00000021 84                              	DB	-124
    50 00000022 84                              	DB	-124
    51 00000023 00                              	DB	0
    52 00000024 00                              	DB	0
    53 00000025 00                              	DB	0
    54 00000026 84                              	DB	-124
    55 00000027 84                              	DB	-124
    56 00000028 00                              	DB	0
    57 00000029 84                              	DB	-124
    58 0000002A 00                              	DB	0
    59 0000002B 84                              	DB	-124
    60 0000002C 84                              	DB	-124
    61 0000002D 84                              	DB	-124
    62 0000002E 84                              	DB	-124
    63 0000002F 84                              	DB	-124
    64                                          [SECTION .text]
    65 00000000                                 	GLOBAL	_init_palette
    66 00000000                                 _init_palette:
    67 00000000 55                              	PUSH	EBP
    68 00000001 89 E5                           	MOV	EBP,ESP
    69 00000003 57                              	PUSH	EDI
    70 00000004 56                              	PUSH	ESI
    71 00000005 53                              	PUSH	EBX
    72 00000006 81 EC 000002A4                  	SUB	ESP,676
    73 0000000C 68 [00000000]                   	PUSH	_table_rgb.0
    74 00000011 6A 0F                           	PUSH	15
    75 00000013 6A 00                           	PUSH	0
    76 00000015 E8 000000B4                     	CALL	_set_palette
    77 0000001A 83 C4 0C                        	ADD	ESP,12
    78 0000001D C7 85 FFFFFD60 00000000         	MOV	DWORD [-672+EBP],0
    79 00000027 C7 85 FFFFFD5C 00000000         	MOV	DWORD [-676+EBP],0
    80 00000031 C7 85 FFFFFD58 00000000         	MOV	DWORD [-680+EBP],0
    81 0000003B                                 L16:
    82 0000003B 31 FF                           	XOR	EDI,EDI
    83 0000003D 31 F6                           	XOR	ESI,ESI
    84 0000003F 31 DB                           	XOR	EBX,EBX
    85 00000041                                 L15:
    86 00000041 31 D2                           	XOR	EDX,EDX
    87 00000043 C7 85 FFFFFD50 00000000         	MOV	DWORD [-688+EBP],0
    88 0000004D                                 L14:
    89 0000004D 8B 85 FFFFFD58                  	MOV	EAX,DWORD [-680+EBP]
    90 00000053 8A 8D FFFFFD50                  	MOV	CL,BYTE [-688+EBP]
    91 00000059 01 D8                           	ADD	EAX,EBX
    92 0000005B 01 D0                           	ADD	EAX,EDX
    93 0000005D 42                              	INC	EDX
    94 0000005E 6B C0 03                        	IMUL	EAX,EAX,3
    95 00000061 88 8C 05 FFFFFD64               	MOV	BYTE [-668+EBP+EAX*1],CL
    96 00000068 89 F1                           	MOV	ECX,ESI
    97 0000006A 88 8C 05 FFFFFD65               	MOV	BYTE [-667+EBP+EAX*1],CL
    98 00000071 8A 8D FFFFFD5C                  	MOV	CL,BYTE [-676+EBP]
    99 00000077 88 8C 05 FFFFFD66               	MOV	BYTE [-666+EBP+EAX*1],CL
   100 0000007E 83 85 FFFFFD50 33               	ADD	DWORD [-688+EBP],51
   101 00000085 83 FA 05                        	CMP	EDX,5
   102 00000088 7E C3                           	JLE	L14
   103 0000008A 47                              	INC	EDI
   104 0000008B 83 C6 33                        	ADD	ESI,51
   105 0000008E 83 C3 06                        	ADD	EBX,6
   106 00000091 83 FF 05                        	CMP	EDI,5
   107 00000094 7E AB                           	JLE	L15
   108 00000096 FF 85 FFFFFD60                  	INC	DWORD [-672+EBP]
   109 0000009C 83 85 FFFFFD5C 33               	ADD	DWORD [-676+EBP],51
   110 000000A3 83 85 FFFFFD58 24               	ADD	DWORD [-680+EBP],36
   111 000000AA 83 BD FFFFFD60 05               	CMP	DWORD [-672+EBP],5
   112 000000B1 7E 88                           	JLE	L16
   113 000000B3 8D 85 FFFFFD64                  	LEA	EAX,DWORD [-668+EBP]
   114 000000B9 50                              	PUSH	EAX
   115 000000BA 68 000000E7                     	PUSH	231
   116 000000BF 6A 10                           	PUSH	16
   117 000000C1 E8 00000008                     	CALL	_set_palette
   118 000000C6 8D 65 F4                        	LEA	ESP,DWORD [-12+EBP]
   119 000000C9 5B                              	POP	EBX
   120 000000CA 5E                              	POP	ESI
   121 000000CB 5F                              	POP	EDI
   122 000000CC 5D                              	POP	EBP
   123 000000CD C3                              	RET
   124 000000CE                                 	GLOBAL	_set_palette
   125 000000CE                                 _set_palette:
   126 000000CE 55                              	PUSH	EBP
   127 000000CF 89 E5                           	MOV	EBP,ESP
   128 000000D1 57                              	PUSH	EDI
   129 000000D2 56                              	PUSH	ESI
   130 000000D3 53                              	PUSH	EBX
   131 000000D4 51                              	PUSH	ECX
   132 000000D5 8B 5D 08                        	MOV	EBX,DWORD [8+EBP]
   133 000000D8 8B 7D 0C                        	MOV	EDI,DWORD [12+EBP]
   134 000000DB 8B 75 10                        	MOV	ESI,DWORD [16+EBP]
   135 000000DE E8 [00000000]                   	CALL	_io_load_eflags
   136 000000E3 89 45 F0                        	MOV	DWORD [-16+EBP],EAX
   137 000000E6 E8 [00000000]                   	CALL	_io_cli
   138 000000EB 53                              	PUSH	EBX
   139 000000EC 68 000003C8                     	PUSH	968
   140 000000F1 E8 [00000000]                   	CALL	_io_out8
   141 000000F6 39 FB                           	CMP	EBX,EDI
   142 000000F8 58                              	POP	EAX
   143 000000F9 5A                              	POP	EDX
   144 000000FA 7E 12                           	JLE	L28
   145 000000FC                                 L30:
   146 000000FC 8B 45 F0                        	MOV	EAX,DWORD [-16+EBP]
   147 000000FF 89 45 08                        	MOV	DWORD [8+EBP],EAX
   148 00000102 8D 65 F4                        	LEA	ESP,DWORD [-12+EBP]
   149 00000105 5B                              	POP	EBX
   150 00000106 5E                              	POP	ESI
   151 00000107 5F                              	POP	EDI
   152 00000108 5D                              	POP	EBP
   153 00000109 E9 [00000000]                   	JMP	_io_store_eflags
   154 0000010E                                 L28:
   155 0000010E 8A 06                           	MOV	AL,BYTE [ESI]
   156 00000110 43                              	INC	EBX
   157 00000111 C0 E8 02                        	SHR	AL,2
   158 00000114 0F B6 C0                        	MOVZX	EAX,AL
   159 00000117 50                              	PUSH	EAX
   160 00000118 68 000003C9                     	PUSH	969
   161 0000011D E8 [00000000]                   	CALL	_io_out8
   162 00000122 8A 46 01                        	MOV	AL,BYTE [1+ESI]
   163 00000125 C0 E8 02                        	SHR	AL,2
   164 00000128 0F B6 C0                        	MOVZX	EAX,AL
   165 0000012B 50                              	PUSH	EAX
   166 0000012C 68 000003C9                     	PUSH	969
   167 00000131 E8 [00000000]                   	CALL	_io_out8
   168 00000136 8A 46 02                        	MOV	AL,BYTE [2+ESI]
   169 00000139 C0 E8 02                        	SHR	AL,2
   170 0000013C 83 C6 03                        	ADD	ESI,3
   171 0000013F 0F B6 C0                        	MOVZX	EAX,AL
   172 00000142 50                              	PUSH	EAX
   173 00000143 68 000003C9                     	PUSH	969
   174 00000148 E8 [00000000]                   	CALL	_io_out8
   175 0000014D 83 C4 18                        	ADD	ESP,24
   176 00000150 39 FB                           	CMP	EBX,EDI
   177 00000152 7E BA                           	JLE	L28
   178 00000154 EB A6                           	JMP	L30
   179 00000156                                 	GLOBAL	_boxfill8
   180 00000156                                 _boxfill8:
   181 00000156 55                              	PUSH	EBP
   182 00000157 89 E5                           	MOV	EBP,ESP
   183 00000159 57                              	PUSH	EDI
   184 0000015A 56                              	PUSH	ESI
   185 0000015B 53                              	PUSH	EBX
   186 0000015C 57                              	PUSH	EDI
   187 0000015D 57                              	PUSH	EDI
   188 0000015E 8A 45 10                        	MOV	AL,BYTE [16+EBP]
   189 00000161 8B 4D 18                        	MOV	ECX,DWORD [24+EBP]
   190 00000164 8B 7D 1C                        	MOV	EDI,DWORD [28+EBP]
   191 00000167 88 45 F3                        	MOV	BYTE [-13+EBP],AL
   192 0000016A 3B 4D 20                        	CMP	ECX,DWORD [32+EBP]
   193 0000016D 7F 31                           	JG	L43
   194 0000016F 8B 5D 0C                        	MOV	EBX,DWORD [12+EBP]
   195 00000172 0F AF D9                        	IMUL	EBX,ECX
   196 00000175                                 L41:
   197 00000175 8B 55 14                        	MOV	EDX,DWORD [20+EBP]
   198 00000178 39 FA                           	CMP	EDX,EDI
   199 0000017A 7F 1B                           	JG	L45
   200 0000017C 8B 75 08                        	MOV	ESI,DWORD [8+EBP]
   201 0000017F 01 DE                           	ADD	ESI,EBX
   202 00000181 01 D6                           	ADD	ESI,EDX
   203 00000183 89 75 EC                        	MOV	DWORD [-20+EBP],ESI
   204 00000186                                 L40:
   205 00000186 8B 75 EC                        	MOV	ESI,DWORD [-20+EBP]
   206 00000189 8A 45 F3                        	MOV	AL,BYTE [-13+EBP]
   207 0000018C 42                              	INC	EDX
   208 0000018D 88 06                           	MOV	BYTE [ESI],AL
   209 0000018F 46                              	INC	ESI
   210 00000190 89 75 EC                        	MOV	DWORD [-20+EBP],ESI
   211 00000193 39 FA                           	CMP	EDX,EDI
   212 00000195 7E EF                           	JLE	L40
   213 00000197                                 L45:
   214 00000197 41                              	INC	ECX
   215 00000198 03 5D 0C                        	ADD	EBX,DWORD [12+EBP]
   216 0000019B 3B 4D 20                        	CMP	ECX,DWORD [32+EBP]
   217 0000019E 7E D5                           	JLE	L41
   218 000001A0                                 L43:
   219 000001A0 5B                              	POP	EBX
   220 000001A1 5E                              	POP	ESI
   221 000001A2 5B                              	POP	EBX
   222 000001A3 5E                              	POP	ESI
   223 000001A4 5F                              	POP	EDI
   224 000001A5 5D                              	POP	EBP
   225 000001A6 C3                              	RET
   226                                          [SECTION .data]
   227 00000030                                 _cursor.1:
   228 00000030 2A 2A 2A 2A 2A 2A 2E 6F 6F 6F   	DB	"******.oooooo..eeeeee.eeeeee...ee...eeeeee.eeeeee"
       0000003A 6F 6F 6F 2E 2E 65 65 65 65 65 
       00000044 65 2E 65 65 65 65 65 65 2E 2E 
       0000004E 2E 65 65 2E 2E 2E 65 65 65 65 
       00000058 65 65 2E 65 65 65 65 65 65 
   229 00000061 2A 2A 2A 2A 2A 2A 2E 6F 6F 6F   	DB	"******.oooooo..ee.......ee....e..e..ee..ee...ee.."
       0000006B 6F 6F 6F 2E 2E 65 65 2E 2E 2E 
       00000075 2E 2E 2E 2E 65 65 2E 2E 2E 2E 
       0000007F 65 2E 2E 65 2E 2E 65 65 2E 2E 
       00000089 65 65 2E 2E 2E 65 65 2E 2E 
   230 00000092 2A 2A 2A 2A 2A 2A 2E 6F 6F 6F   	DB	"******.oooooo..ee.......ee....e..e..ee..ee...ee.."
       0000009C 6F 6F 6F 2E 2E 65 65 2E 2E 2E 
       000000A6 2E 2E 2E 2E 65 65 2E 2E 2E 2E 
       000000B0 65 2E 2E 65 2E 2E 65 65 2E 2E 
       000000BA 65 65 2E 2E 2E 65 65 2E 2E 
   231 000000C3 2A 2A 2A 2A 2A 2A 2E 6F 6F 6F   	DB	"******.oooooo..ee.......ee...ee..ee.ee..ee...ee.."
       000000CD 6F 6F 6F 2E 2E 65 65 2E 2E 2E 
       000000D7 2E 2E 2E 2E 65 65 2E 2E 2E 65 
       000000E1 65 2E 2E 65 65 2E 65 65 2E 2E 
       000000EB 65 65 2E 2E 2E 65 65 2E 2E 
   232 000000F4 2A 2A 2A 2A 2A 2A 2E 6F 6F 6F   	DB	"******.oooooo..ee.......ee...ee..ee.ee..ee...ee.."
       000000FE 6F 6F 6F 2E 2E 65 65 2E 2E 2E 
       00000108 2E 2E 2E 2E 65 65 2E 2E 2E 65 
       00000112 65 2E 2E 65 65 2E 65 65 2E 2E 
       0000011C 65 65 2E 2E 2E 65 65 2E 2E 
   233 00000125 2A 2A 2A 2A 2A 2A 2E 6F 6F 6F   	DB	"******.oooooo..ee.......ee...ee..ee.ee..e....ee.."
       0000012F 6F 6F 6F 2E 2E 65 65 2E 2E 2E 
       00000139 2E 2E 2E 2E 65 65 2E 2E 2E 65 
       00000143 65 2E 2E 65 65 2E 65 65 2E 2E 
       0000014D 65 2E 2E 2E 2E 65 65 2E 2E 
   234 00000156 2E 2E 2E 2E 2E 2E 2E 2E 2E 2E   	DB	"...............eeeeee...ee...eeeeee.ee.ee....ee.."
       00000160 2E 2E 2E 2E 2E 65 65 65 65 65 
       0000016A 65 2E 2E 2E 65 65 2E 2E 2E 65 
       00000174 65 65 65 65 65 2E 65 65 2E 65 
       0000017E 65 2E 2E 2E 2E 65 65 2E 2E 
   235 00000187 40 40 40 40 40 40 2E 75 75 75   	DB	"@@@@@@.uuuuuu......ee...ee...ee..ee.ee..e....ee.."
       00000191 75 75 75 2E 2E 2E 2E 2E 2E 65 
       0000019B 65 2E 2E 2E 65 65 2E 2E 2E 65 
       000001A5 65 2E 2E 65 65 2E 65 65 2E 2E 
       000001AF 65 2E 2E 2E 2E 65 65 2E 2E 
   236 000001B8 40 40 40 40 40 40 2E 75 75 75   	DB	"@@@@@@.uuuuuu......ee...ee...ee..ee.ee..ee...ee.."
       000001C2 75 75 75 2E 2E 2E 2E 2E 2E 65 
       000001CC 65 2E 2E 2E 65 65 2E 2E 2E 65 
       000001D6 65 2E 2E 65 65 2E 65 65 2E 2E 
       000001E0 65 65 2E 2E 2E 65 65 2E 2E 
   237 000001E9 40 40 40 40 40 40 2E 75 75 75   	DB	"@@@@@@.uuuuuu......ee...ee...ee..ee.ee..ee...ee.."
       000001F3 75 75 75 2E 2E 2E 2E 2E 2E 65 
       000001FD 65 2E 2E 2E 65 65 2E 2E 2E 65 
       00000207 65 2E 2E 65 65 2E 65 65 2E 2E 
       00000211 65 65 2E 2E 2E 65 65 2E 2E 
   238 0000021A 40 40 40 40 40 40 2E 75 75 75   	DB	"@@@@@@.uuuuuu......ee...ee...ee..ee.ee..ee...ee.."
       00000224 75 75 75 2E 2E 2E 2E 2E 2E 65 
       0000022E 65 2E 2E 2E 65 65 2E 2E 2E 65 
       00000238 65 2E 2E 65 65 2E 65 65 2E 2E 
       00000242 65 65 2E 2E 2E 65 65 2E 2E 
   239 0000024B 40 40 40 40 40 40 2E 75 75 75   	DB	"@@@@@@.uuuuuu......ee...ee...ee..ee.ee..ee...ee.."
       00000255 75 75 75 2E 2E 2E 2E 2E 2E 65 
       0000025F 65 2E 2E 2E 65 65 2E 2E 2E 65 
       00000269 65 2E 2E 65 65 2E 65 65 2E 2E 
       00000273 65 65 2E 2E 2E 65 65 2E 2E 
   240 0000027C 40 40 40 40 40 40 2E 75 75 75   	DB	"@@@@@@.uuuuuu..eeeeee...ee...ee..ee.ee..ee...ee.."
       00000286 75 75 75 2E 2E 65 65 65 65 65 
       00000290 65 2E 2E 2E 65 65 2E 2E 2E 65 
       0000029A 65 2E 2E 65 65 2E 65 65 2E 2E 
       000002A4 65 65 2E 2E 2E 65 65 2E 2E 
   241                                          [SECTION .text]
   242 000001A7                                 	GLOBAL	_print_startlogo
   243 000001A7                                 _print_startlogo:
   244 000001A7 55                              	PUSH	EBP
   245 000001A8 89 E5                           	MOV	EBP,ESP
   246 000001AA 57                              	PUSH	EDI
   247 000001AB 56                              	PUSH	ESI
   248 000001AC 31 FF                           	XOR	EDI,EDI
   249 000001AE 53                              	PUSH	EBX
   250 000001AF 31 F6                           	XOR	ESI,ESI
   251 000001B1 83 EC 0C                        	SUB	ESP,12
   252 000001B4 8A 45 0C                        	MOV	AL,BYTE [12+EBP]
   253 000001B7 88 45 F3                        	MOV	BYTE [-13+EBP],AL
   254 000001BA C7 45 E8 00000000               	MOV	DWORD [-24+EBP],0
   255 000001C1                                 L67:
   256 000001C1 31 D2                           	XOR	EDX,EDX
   257 000001C3                                 L66:
   258 000001C3 8B 5D E8                        	MOV	EBX,DWORD [-24+EBP]
   259 000001C6 0F BE 84 1A [00000030]          	MOVSX	EAX,BYTE [_cursor.1+EDX+EBX*1]
   260 000001CE 83 F8 65                        	CMP	EAX,101
   261 000001D1 74 5C                           	JE	L61
   262 000001D3 83 F8 65                        	CMP	EAX,101
   263 000001D6 7F 45                           	JG	L64
   264 000001D8 83 F8 2E                        	CMP	EAX,46
   265 000001DB 74 3B                           	JE	L57
   266 000001DD 83 F8 2E                        	CMP	EAX,46
   267 000001E0 7F 2D                           	JG	L65
   268 000001E2 83 F8 2A                        	CMP	EAX,42
   269 000001E5 74 24                           	JE	L56
   270 000001E7                                 L55:
   271 000001E7 8D 04 32                        	LEA	EAX,DWORD [EDX+ESI*1]
   272 000001EA 8B 5D 08                        	MOV	EBX,DWORD [8+EBP]
   273 000001ED 42                              	INC	EDX
   274 000001EE 88 0C 18                        	MOV	BYTE [EAX+EBX*1],CL
   275 000001F1 83 FA 30                        	CMP	EDX,48
   276 000001F4 7E CD                           	JLE	L66
   277 000001F6 47                              	INC	EDI
   278 000001F7 83 C6 31                        	ADD	ESI,49
   279 000001FA 83 45 E8 31                     	ADD	DWORD [-24+EBP],49
   280 000001FE 83 FF 0C                        	CMP	EDI,12
   281 00000201 7E BE                           	JLE	L67
   282 00000203 83 C4 0C                        	ADD	ESP,12
   283 00000206 5B                              	POP	EBX
   284 00000207 5E                              	POP	ESI
   285 00000208 5F                              	POP	EDI
   286 00000209 5D                              	POP	EBP
   287 0000020A C3                              	RET
   288 0000020B                                 L56:
   289 0000020B B1 01                           	MOV	CL,1
   290 0000020D EB D8                           	JMP	L55
   291 0000020F                                 L65:
   292 0000020F 83 F8 40                        	CMP	EAX,64
   293 00000212 75 D3                           	JNE	L55
   294 00000214 B1 06                           	MOV	CL,6
   295 00000216 EB CF                           	JMP	L55
   296 00000218                                 L57:
   297 00000218 8A 4D F3                        	MOV	CL,BYTE [-13+EBP]
   298 0000021B EB CA                           	JMP	L55
   299 0000021D                                 L64:
   300 0000021D 83 F8 6F                        	CMP	EAX,111
   301 00000220 74 09                           	JE	L58
   302 00000222 83 F8 75                        	CMP	EAX,117
   303 00000225 75 C0                           	JNE	L55
   304 00000227 B1 03                           	MOV	CL,3
   305 00000229 EB BC                           	JMP	L55
   306 0000022B                                 L58:
   307 0000022B B1 0A                           	MOV	CL,10
   308 0000022D EB B8                           	JMP	L55
   309 0000022F                                 L61:
   310 0000022F 31 C9                           	XOR	ECX,ECX
   311 00000231 EB B4                           	JMP	L55
   312 00000233                                 	GLOBAL	_init_screen8
   313 00000233                                 _init_screen8:
   314 00000233 55                              	PUSH	EBP
   315 00000234 89 E5                           	MOV	EBP,ESP
   316 00000236 57                              	PUSH	EDI
   317 00000237 56                              	PUSH	ESI
   318 00000238 53                              	PUSH	EBX
   319 00000239 83 EC 0C                        	SUB	ESP,12
   320 0000023C 8B 45 10                        	MOV	EAX,DWORD [16+EBP]
   321 0000023F 8B 7D 0C                        	MOV	EDI,DWORD [12+EBP]
   322 00000242 83 E8 1D                        	SUB	EAX,29
   323 00000245 4F                              	DEC	EDI
   324 00000246 50                              	PUSH	EAX
   325 00000247 57                              	PUSH	EDI
   326 00000248 6A 00                           	PUSH	0
   327 0000024A 6A 00                           	PUSH	0
   328 0000024C 6A 0E                           	PUSH	14
   329 0000024E FF 75 0C                        	PUSH	DWORD [12+EBP]
   330 00000251 FF 75 08                        	PUSH	DWORD [8+EBP]
   331 00000254 E8 FFFFFEFD                     	CALL	_boxfill8
   332 00000259 8B 45 10                        	MOV	EAX,DWORD [16+EBP]
   333 0000025C 83 E8 1C                        	SUB	EAX,28
   334 0000025F 50                              	PUSH	EAX
   335 00000260 57                              	PUSH	EDI
   336 00000261 50                              	PUSH	EAX
   337 00000262 6A 00                           	PUSH	0
   338 00000264 6A 08                           	PUSH	8
   339 00000266 FF 75 0C                        	PUSH	DWORD [12+EBP]
   340 00000269 FF 75 08                        	PUSH	DWORD [8+EBP]
   341 0000026C E8 FFFFFEE5                     	CALL	_boxfill8
   342 00000271 8B 45 10                        	MOV	EAX,DWORD [16+EBP]
   343 00000274 83 C4 38                        	ADD	ESP,56
   344 00000277 83 E8 1B                        	SUB	EAX,27
   345 0000027A 50                              	PUSH	EAX
   346 0000027B 57                              	PUSH	EDI
   347 0000027C 50                              	PUSH	EAX
   348 0000027D 6A 00                           	PUSH	0
   349 0000027F 6A 07                           	PUSH	7
   350 00000281 FF 75 0C                        	PUSH	DWORD [12+EBP]
   351 00000284 FF 75 08                        	PUSH	DWORD [8+EBP]
   352 00000287 E8 FFFFFECA                     	CALL	_boxfill8
   353 0000028C 8B 45 10                        	MOV	EAX,DWORD [16+EBP]
   354 0000028F 48                              	DEC	EAX
   355 00000290 50                              	PUSH	EAX
   356 00000291 8B 45 10                        	MOV	EAX,DWORD [16+EBP]
   357 00000294 57                              	PUSH	EDI
   358 00000295 83 E8 1A                        	SUB	EAX,26
   359 00000298 50                              	PUSH	EAX
   360 00000299 6A 00                           	PUSH	0
   361 0000029B 6A 08                           	PUSH	8
   362 0000029D FF 75 0C                        	PUSH	DWORD [12+EBP]
   363 000002A0 FF 75 08                        	PUSH	DWORD [8+EBP]
   364 000002A3 E8 FFFFFEAE                     	CALL	_boxfill8
   365 000002A8 8B 75 10                        	MOV	ESI,DWORD [16+EBP]
   366 000002AB 83 C4 38                        	ADD	ESP,56
   367 000002AE 83 EE 18                        	SUB	ESI,24
   368 000002B1 56                              	PUSH	ESI
   369 000002B2 6A 3B                           	PUSH	59
   370 000002B4 56                              	PUSH	ESI
   371 000002B5 6A 03                           	PUSH	3
   372 000002B7 6A 07                           	PUSH	7
   373 000002B9 FF 75 0C                        	PUSH	DWORD [12+EBP]
   374 000002BC FF 75 08                        	PUSH	DWORD [8+EBP]
   375 000002BF E8 FFFFFE92                     	CALL	_boxfill8
   376 000002C4 8B 45 10                        	MOV	EAX,DWORD [16+EBP]
   377 000002C7 83 E8 04                        	SUB	EAX,4
   378 000002CA 50                              	PUSH	EAX
   379 000002CB 89 45 F0                        	MOV	DWORD [-16+EBP],EAX
   380 000002CE 6A 02                           	PUSH	2
   381 000002D0 56                              	PUSH	ESI
   382 000002D1 6A 02                           	PUSH	2
   383 000002D3 6A 07                           	PUSH	7
   384 000002D5 FF 75 0C                        	PUSH	DWORD [12+EBP]
   385 000002D8 FF 75 08                        	PUSH	DWORD [8+EBP]
   386 000002DB E8 FFFFFE76                     	CALL	_boxfill8
   387 000002E0 83 C4 38                        	ADD	ESP,56
   388 000002E3 FF 75 F0                        	PUSH	DWORD [-16+EBP]
   389 000002E6 6A 3B                           	PUSH	59
   390 000002E8 FF 75 F0                        	PUSH	DWORD [-16+EBP]
   391 000002EB 6A 03                           	PUSH	3
   392 000002ED 6A 0F                           	PUSH	15
   393 000002EF FF 75 0C                        	PUSH	DWORD [12+EBP]
   394 000002F2 FF 75 08                        	PUSH	DWORD [8+EBP]
   395 000002F5 E8 FFFFFE5C                     	CALL	_boxfill8
   396 000002FA 8B 45 10                        	MOV	EAX,DWORD [16+EBP]
   397 000002FD 83 E8 05                        	SUB	EAX,5
   398 00000300 50                              	PUSH	EAX
   399 00000301 8B 45 10                        	MOV	EAX,DWORD [16+EBP]
   400 00000304 6A 3B                           	PUSH	59
   401 00000306 83 E8 17                        	SUB	EAX,23
   402 00000309 50                              	PUSH	EAX
   403 0000030A 89 45 EC                        	MOV	DWORD [-20+EBP],EAX
   404 0000030D 6A 3B                           	PUSH	59
   405 0000030F 6A 0F                           	PUSH	15
   406 00000311 FF 75 0C                        	PUSH	DWORD [12+EBP]
   407 00000314 FF 75 08                        	PUSH	DWORD [8+EBP]
   408 00000317 E8 FFFFFE3A                     	CALL	_boxfill8
   409 0000031C 8B 45 10                        	MOV	EAX,DWORD [16+EBP]
   410 0000031F 83 C4 38                        	ADD	ESP,56
   411 00000322 83 E8 03                        	SUB	EAX,3
   412 00000325 89 45 E8                        	MOV	DWORD [-24+EBP],EAX
   413 00000328 50                              	PUSH	EAX
   414 00000329 6A 3B                           	PUSH	59
   415 0000032B 50                              	PUSH	EAX
   416 0000032C 6A 02                           	PUSH	2
   417 0000032E 6A 00                           	PUSH	0
   418 00000330 FF 75 0C                        	PUSH	DWORD [12+EBP]
   419 00000333 FF 75 08                        	PUSH	DWORD [8+EBP]
   420 00000336 E8 FFFFFE1B                     	CALL	_boxfill8
   421 0000033B FF 75 E8                        	PUSH	DWORD [-24+EBP]
   422 0000033E 6A 3C                           	PUSH	60
   423 00000340 56                              	PUSH	ESI
   424 00000341 6A 3C                           	PUSH	60
   425 00000343 6A 00                           	PUSH	0
   426 00000345 FF 75 0C                        	PUSH	DWORD [12+EBP]
   427 00000348 FF 75 08                        	PUSH	DWORD [8+EBP]
   428 0000034B E8 FFFFFE06                     	CALL	_boxfill8
   429 00000350 8B 7D 0C                        	MOV	EDI,DWORD [12+EBP]
   430 00000353 83 C4 38                        	ADD	ESP,56
   431 00000356 8B 5D 0C                        	MOV	EBX,DWORD [12+EBP]
   432 00000359 83 EB 04                        	SUB	EBX,4
   433 0000035C 83 EF 46                        	SUB	EDI,70
   434 0000035F 56                              	PUSH	ESI
   435 00000360 53                              	PUSH	EBX
   436 00000361 56                              	PUSH	ESI
   437 00000362 57                              	PUSH	EDI
   438 00000363 6A 0F                           	PUSH	15
   439 00000365 FF 75 0C                        	PUSH	DWORD [12+EBP]
   440 00000368 FF 75 08                        	PUSH	DWORD [8+EBP]
   441 0000036B E8 FFFFFDE6                     	CALL	_boxfill8
   442 00000370 FF 75 F0                        	PUSH	DWORD [-16+EBP]
   443 00000373 57                              	PUSH	EDI
   444 00000374 FF 75 EC                        	PUSH	DWORD [-20+EBP]
   445 00000377 57                              	PUSH	EDI
   446 00000378 6A 0F                           	PUSH	15
   447 0000037A FF 75 0C                        	PUSH	DWORD [12+EBP]
   448 0000037D FF 75 08                        	PUSH	DWORD [8+EBP]
   449 00000380 E8 FFFFFDD1                     	CALL	_boxfill8
   450 00000385 83 C4 38                        	ADD	ESP,56
   451 00000388 FF 75 E8                        	PUSH	DWORD [-24+EBP]
   452 0000038B 53                              	PUSH	EBX
   453 0000038C FF 75 E8                        	PUSH	DWORD [-24+EBP]
   454 0000038F 57                              	PUSH	EDI
   455 00000390 6A 07                           	PUSH	7
   456 00000392 FF 75 0C                        	PUSH	DWORD [12+EBP]
   457 00000395 FF 75 08                        	PUSH	DWORD [8+EBP]
   458 00000398 E8 FFFFFDB9                     	CALL	_boxfill8
   459 0000039D 8B 45 0C                        	MOV	EAX,DWORD [12+EBP]
   460 000003A0 FF 75 E8                        	PUSH	DWORD [-24+EBP]
   461 000003A3 83 E8 03                        	SUB	EAX,3
   462 000003A6 50                              	PUSH	EAX
   463 000003A7 56                              	PUSH	ESI
   464 000003A8 50                              	PUSH	EAX
   465 000003A9 6A 07                           	PUSH	7
   466 000003AB FF 75 0C                        	PUSH	DWORD [12+EBP]
   467 000003AE FF 75 08                        	PUSH	DWORD [8+EBP]
   468 000003B1 E8 FFFFFDA0                     	CALL	_boxfill8
   469 000003B6 8D 65 F4                        	LEA	ESP,DWORD [-12+EBP]
   470 000003B9 5B                              	POP	EBX
   471 000003BA 5E                              	POP	ESI
   472 000003BB 5F                              	POP	EDI
   473 000003BC 5D                              	POP	EBP
   474 000003BD C3                              	RET
   475 000003BE                                 	GLOBAL	_putfont8
   476 000003BE                                 _putfont8:
   477 000003BE 55                              	PUSH	EBP
   478 000003BF 89 E5                           	MOV	EBP,ESP
   479 000003C1 57                              	PUSH	EDI
   480 000003C2 56                              	PUSH	ESI
   481 000003C3 31 F6                           	XOR	ESI,ESI
   482 000003C5 53                              	PUSH	EBX
   483 000003C6 8B 7D 1C                        	MOV	EDI,DWORD [28+EBP]
   484 000003C9 8A 5D 18                        	MOV	BL,BYTE [24+EBP]
   485 000003CC                                 L86:
   486 000003CC 8B 45 14                        	MOV	EAX,DWORD [20+EBP]
   487 000003CF 8B 55 10                        	MOV	EDX,DWORD [16+EBP]
   488 000003D2 01 F0                           	ADD	EAX,ESI
   489 000003D4 0F AF 45 0C                     	IMUL	EAX,DWORD [12+EBP]
   490 000003D8 03 45 08                        	ADD	EAX,DWORD [8+EBP]
   491 000003DB 8D 0C 02                        	LEA	ECX,DWORD [EDX+EAX*1]
   492 000003DE 8A 14 3E                        	MOV	DL,BYTE [ESI+EDI*1]
   493 000003E1 84 D2                           	TEST	DL,DL
   494 000003E3 79 02                           	JNS	L78
   495 000003E5 88 19                           	MOV	BYTE [ECX],BL
   496 000003E7                                 L78:
   497 000003E7 88 D0                           	MOV	AL,DL
   498 000003E9 83 E0 40                        	AND	EAX,64
   499 000003EC 84 C0                           	TEST	AL,AL
   500 000003EE 74 03                           	JE	L79
   501 000003F0 88 59 01                        	MOV	BYTE [1+ECX],BL
   502 000003F3                                 L79:
   503 000003F3 88 D0                           	MOV	AL,DL
   504 000003F5 83 E0 20                        	AND	EAX,32
   505 000003F8 84 C0                           	TEST	AL,AL
   506 000003FA 74 03                           	JE	L80
   507 000003FC 88 59 02                        	MOV	BYTE [2+ECX],BL
   508 000003FF                                 L80:
   509 000003FF 88 D0                           	MOV	AL,DL
   510 00000401 83 E0 10                        	AND	EAX,16
   511 00000404 84 C0                           	TEST	AL,AL
   512 00000406 74 03                           	JE	L81
   513 00000408 88 59 03                        	MOV	BYTE [3+ECX],BL
   514 0000040B                                 L81:
   515 0000040B 88 D0                           	MOV	AL,DL
   516 0000040D 83 E0 08                        	AND	EAX,8
   517 00000410 84 C0                           	TEST	AL,AL
   518 00000412 74 03                           	JE	L82
   519 00000414 88 59 04                        	MOV	BYTE [4+ECX],BL
   520 00000417                                 L82:
   521 00000417 88 D0                           	MOV	AL,DL
   522 00000419 83 E0 04                        	AND	EAX,4
   523 0000041C 84 C0                           	TEST	AL,AL
   524 0000041E 74 03                           	JE	L83
   525 00000420 88 59 05                        	MOV	BYTE [5+ECX],BL
   526 00000423                                 L83:
   527 00000423 88 D0                           	MOV	AL,DL
   528 00000425 83 E0 02                        	AND	EAX,2
   529 00000428 84 C0                           	TEST	AL,AL
   530 0000042A 74 03                           	JE	L84
   531 0000042C 88 59 06                        	MOV	BYTE [6+ECX],BL
   532 0000042F                                 L84:
   533 0000042F 83 E2 01                        	AND	EDX,1
   534 00000432 84 D2                           	TEST	DL,DL
   535 00000434 74 03                           	JE	L76
   536 00000436 88 59 07                        	MOV	BYTE [7+ECX],BL
   537 00000439                                 L76:
   538 00000439 46                              	INC	ESI
   539 0000043A 83 FE 0F                        	CMP	ESI,15
   540 0000043D 7E 8D                           	JLE	L86
   541 0000043F 5B                              	POP	EBX
   542 00000440 5E                              	POP	ESI
   543 00000441 5F                              	POP	EDI
   544 00000442 5D                              	POP	EBP
   545 00000443 C3                              	RET
   546 00000444                                 	GLOBAL	_putfonts8_asc
   547 00000444                                 _putfonts8_asc:
   548 00000444 55                              	PUSH	EBP
   549 00000445 89 E5                           	MOV	EBP,ESP
   550 00000447 57                              	PUSH	EDI
   551 00000448 56                              	PUSH	ESI
   552 00000449 53                              	PUSH	EBX
   553 0000044A 83 EC 0C                        	SUB	ESP,12
   554 0000044D 8A 45 18                        	MOV	AL,BYTE [24+EBP]
   555 00000450 8B 7D 1C                        	MOV	EDI,DWORD [28+EBP]
   556 00000453 88 45 F3                        	MOV	BYTE [-13+EBP],AL
   557 00000456 E8 [00000000]                   	CALL	_task_now
   558 0000045B 8B 15 00000FE8                  	MOV	EDX,DWORD [4072]
   559 00000461 89 45 EC                        	MOV	DWORD [-20+EBP],EAX
   560 00000464 89 55 E8                        	MOV	DWORD [-24+EBP],EDX
   561 00000467 80 B8 000000BC 00               	CMP	BYTE [188+EAX],0
   562 0000046E 75 09                           	JNE	L90
   563 00000470 80 3F 00                        	CMP	BYTE [EDI],0
   564 00000473 0F 85 000001E2                  	JNE	L95
   565 00000479                                 L90:
   566 00000479 8B 45 EC                        	MOV	EAX,DWORD [-20+EBP]
   567 0000047C 80 B8 000000BC 01               	CMP	BYTE [188+EAX],1
   568 00000483 0F 84 000000CB                  	JE	L126
   569 00000489                                 L96:
   570 00000489 8B 45 EC                        	MOV	EAX,DWORD [-20+EBP]
   571 0000048C 80 B8 000000BC 02               	CMP	BYTE [188+EAX],2
   572 00000493 74 08                           	JE	L127
   573 00000495                                 L89:
   574 00000495 8D 65 F4                        	LEA	ESP,DWORD [-12+EBP]
   575 00000498 5B                              	POP	EBX
   576 00000499 5E                              	POP	ESI
   577 0000049A 5F                              	POP	EDI
   578 0000049B 5D                              	POP	EBP
   579 0000049C C3                              	RET
   580 0000049D                                 L127:
   581 0000049D 80 3F 00                        	CMP	BYTE [EDI],0
   582 000004A0 74 F3                           	JE	L89
   583 000004A2                                 L122:
   584 000004A2 8B 55 EC                        	MOV	EDX,DWORD [-20+EBP]
   585 000004A5 8A 82 000000BD                  	MOV	AL,BYTE [189+EDX]
   586 000004AB 84 C0                           	TEST	AL,AL
   587 000004AD 75 43                           	JNE	L118
   588 000004AF 8A 17                           	MOV	DL,BYTE [EDI]
   589 000004B1 8D 42 7F                        	LEA	EAX,DWORD [127+EDX]
   590 000004B4 3C 7D                           	CMP	AL,125
   591 000004B6 77 15                           	JA	L119
   592 000004B8 8B 45 EC                        	MOV	EAX,DWORD [-20+EBP]
   593 000004BB 88 90 000000BD                  	MOV	BYTE [189+EAX],DL
   594 000004C1                                 L121:
   595 000004C1 83 45 10 08                     	ADD	DWORD [16+EBP],8
   596 000004C5 47                              	INC	EDI
   597 000004C6 80 3F 00                        	CMP	BYTE [EDI],0
   598 000004C9 75 D7                           	JNE	L122
   599 000004CB EB C8                           	JMP	L89
   600 000004CD                                 L119:
   601 000004CD 0F B6 C2                        	MOVZX	EAX,DL
   602 000004D0 C1 E0 04                        	SAL	EAX,4
   603 000004D3 03 45 E8                        	ADD	EAX,DWORD [-24+EBP]
   604 000004D6 50                              	PUSH	EAX
   605 000004D7 0F BE 45 F3                     	MOVSX	EAX,BYTE [-13+EBP]
   606 000004DB 50                              	PUSH	EAX
   607 000004DC FF 75 14                        	PUSH	DWORD [20+EBP]
   608 000004DF FF 75 10                        	PUSH	DWORD [16+EBP]
   609 000004E2 FF 75 0C                        	PUSH	DWORD [12+EBP]
   610 000004E5 FF 75 08                        	PUSH	DWORD [8+EBP]
   611 000004E8 E8 FFFFFED1                     	CALL	_putfont8
   612 000004ED 83 C4 18                        	ADD	ESP,24
   613 000004F0 EB CF                           	JMP	L121
   614 000004F2                                 L118:
   615 000004F2 0F B6 D8                        	MOVZX	EBX,AL
   616 000004F5 6B DB 5E                        	IMUL	EBX,EBX,94
   617 000004F8 0F B6 07                        	MOVZX	EAX,BYTE [EDI]
   618 000004FB 8B 55 EC                        	MOV	EDX,DWORD [-20+EBP]
   619 000004FE 8D 9C 18 FFFFC441               	LEA	EBX,DWORD [-15295+EAX+EBX*1]
   620 00000505 C6 82 000000BD 00               	MOV	BYTE [189+EDX],0
   621 0000050C C1 E3 05                        	SAL	EBX,5
   622 0000050F 03 5D E8                        	ADD	EBX,DWORD [-24+EBP]
   623 00000512 0F BE 75 F3                     	MOVSX	ESI,BYTE [-13+EBP]
   624 00000516 8D 83 00001000                  	LEA	EAX,DWORD [4096+EBX]
   625 0000051C 81 C3 00001010                  	ADD	EBX,4112
   626 00000522 50                              	PUSH	EAX
   627 00000523 8B 45 10                        	MOV	EAX,DWORD [16+EBP]
   628 00000526 56                              	PUSH	ESI
   629 00000527 83 E8 08                        	SUB	EAX,8
   630 0000052A FF 75 14                        	PUSH	DWORD [20+EBP]
   631 0000052D 50                              	PUSH	EAX
   632 0000052E FF 75 0C                        	PUSH	DWORD [12+EBP]
   633 00000531 FF 75 08                        	PUSH	DWORD [8+EBP]
   634 00000534 E8 FFFFFE85                     	CALL	_putfont8
   635 00000539 53                              	PUSH	EBX
   636 0000053A 56                              	PUSH	ESI
   637 0000053B FF 75 14                        	PUSH	DWORD [20+EBP]
   638 0000053E FF 75 10                        	PUSH	DWORD [16+EBP]
   639 00000541 FF 75 0C                        	PUSH	DWORD [12+EBP]
   640 00000544 FF 75 08                        	PUSH	DWORD [8+EBP]
   641 00000547 E8 FFFFFE72                     	CALL	_putfont8
   642 0000054C 83 C4 30                        	ADD	ESP,48
   643 0000054F E9 FFFFFF6D                     	JMP	L121
   644 00000554                                 L126:
   645 00000554 80 3F 00                        	CMP	BYTE [EDI],0
   646 00000557 0F 84 FFFFFF2C                  	JE	L96
   647 0000055D                                 L112:
   648 0000055D 8B 45 EC                        	MOV	EAX,DWORD [-20+EBP]
   649 00000560 8A 90 000000BD                  	MOV	DL,BYTE [189+EAX]
   650 00000566 84 D2                           	TEST	DL,DL
   651 00000568 75 4D                           	JNE	L101
   652 0000056A 8A 17                           	MOV	DL,BYTE [EDI]
   653 0000056C 8D 42 7F                        	LEA	EAX,DWORD [127+EDX]
   654 0000056F 3C 1E                           	CMP	AL,30
   655 00000571 76 07                           	JBE	L103
   656 00000573 8D 42 20                        	LEA	EAX,DWORD [32+EDX]
   657 00000576 3C 1C                           	CMP	AL,28
   658 00000578 77 18                           	JA	L102
   659 0000057A                                 L103:
   660 0000057A 8B 45 EC                        	MOV	EAX,DWORD [-20+EBP]
   661 0000057D 88 90 000000BD                  	MOV	BYTE [189+EAX],DL
   662 00000583                                 L105:
   663 00000583 83 45 10 08                     	ADD	DWORD [16+EBP],8
   664 00000587 47                              	INC	EDI
   665 00000588 80 3F 00                        	CMP	BYTE [EDI],0
   666 0000058B 75 D0                           	JNE	L112
   667 0000058D E9 FFFFFEF7                     	JMP	L96
   668 00000592                                 L102:
   669 00000592 0F B6 C2                        	MOVZX	EAX,DL
   670 00000595 C1 E0 04                        	SAL	EAX,4
   671 00000598 03 45 E8                        	ADD	EAX,DWORD [-24+EBP]
   672 0000059B 50                              	PUSH	EAX
   673 0000059C 0F BE 45 F3                     	MOVSX	EAX,BYTE [-13+EBP]
   674 000005A0 50                              	PUSH	EAX
   675 000005A1 FF 75 14                        	PUSH	DWORD [20+EBP]
   676 000005A4 FF 75 10                        	PUSH	DWORD [16+EBP]
   677 000005A7 FF 75 0C                        	PUSH	DWORD [12+EBP]
   678 000005AA FF 75 08                        	PUSH	DWORD [8+EBP]
   679 000005AD E8 FFFFFE0C                     	CALL	_putfont8
   680 000005B2 83 C4 18                        	ADD	ESP,24
   681 000005B5 EB CC                           	JMP	L105
   682 000005B7                                 L101:
   683 000005B7 8D 42 7F                        	LEA	EAX,DWORD [127+EDX]
   684 000005BA 3C 1E                           	CMP	AL,30
   685 000005BC 0F 87 0000008A                  	JA	L106
   686 000005C2 0F B6 C2                        	MOVZX	EAX,DL
   687 000005C5 8D 8C 00 FFFFFEFE               	LEA	ECX,DWORD [-258+EAX+EAX*1]
   688 000005CC                                 L107:
   689 000005CC 8A 17                           	MOV	DL,BYTE [EDI]
   690 000005CE 8D 42 C0                        	LEA	EAX,DWORD [-64+EDX]
   691 000005D1 3C 3E                           	CMP	AL,62
   692 000005D3 77 5D                           	JA	L108
   693 000005D5 0F B6 C2                        	MOVZX	EAX,DL
   694 000005D8 83 E8 40                        	SUB	EAX,64
   695 000005DB                                 L109:
   696 000005DB 6B D9 5E                        	IMUL	EBX,ECX,94
   697 000005DE 8B 55 EC                        	MOV	EDX,DWORD [-20+EBP]
   698 000005E1 01 C3                           	ADD	EBX,EAX
   699 000005E3 C1 E3 05                        	SAL	EBX,5
   700 000005E6 C6 82 000000BD 00               	MOV	BYTE [189+EDX],0
   701 000005ED 03 5D E8                        	ADD	EBX,DWORD [-24+EBP]
   702 000005F0 0F BE 75 F3                     	MOVSX	ESI,BYTE [-13+EBP]
   703 000005F4 8D 83 00001000                  	LEA	EAX,DWORD [4096+EBX]
   704 000005FA 81 C3 00001010                  	ADD	EBX,4112
   705 00000600 50                              	PUSH	EAX
   706 00000601 8B 45 10                        	MOV	EAX,DWORD [16+EBP]
   707 00000604 56                              	PUSH	ESI
   708 00000605 83 E8 08                        	SUB	EAX,8
   709 00000608 FF 75 14                        	PUSH	DWORD [20+EBP]
   710 0000060B 50                              	PUSH	EAX
   711 0000060C FF 75 0C                        	PUSH	DWORD [12+EBP]
   712 0000060F FF 75 08                        	PUSH	DWORD [8+EBP]
   713 00000612 E8 FFFFFDA7                     	CALL	_putfont8
   714 00000617 53                              	PUSH	EBX
   715 00000618 56                              	PUSH	ESI
   716 00000619 FF 75 14                        	PUSH	DWORD [20+EBP]
   717 0000061C FF 75 10                        	PUSH	DWORD [16+EBP]
   718 0000061F FF 75 0C                        	PUSH	DWORD [12+EBP]
   719 00000622 FF 75 08                        	PUSH	DWORD [8+EBP]
   720 00000625 E8 FFFFFD94                     	CALL	_putfont8
   721 0000062A 83 C4 30                        	ADD	ESP,48
   722 0000062D E9 FFFFFF51                     	JMP	L105
   723 00000632                                 L108:
   724 00000632 8D 42 80                        	LEA	EAX,DWORD [-128+EDX]
   725 00000635 3C 1E                           	CMP	AL,30
   726 00000637 77 08                           	JA	L110
   727 00000639 0F B6 C2                        	MOVZX	EAX,DL
   728 0000063C 83 E8 41                        	SUB	EAX,65
   729 0000063F EB 9A                           	JMP	L109
   730 00000641                                 L110:
   731 00000641 0F B6 C2                        	MOVZX	EAX,DL
   732 00000644 2D 0000009F                     	SUB	EAX,159
   733 00000649 41                              	INC	ECX
   734 0000064A EB 8F                           	JMP	L109
   735 0000064C                                 L106:
   736 0000064C 0F B6 C2                        	MOVZX	EAX,DL
   737 0000064F 8D 8C 00 FFFFFE7E               	LEA	ECX,DWORD [-386+EAX+EAX*1]
   738 00000656 E9 FFFFFF71                     	JMP	L107
   739 0000065B                                 L95:
   740 0000065B 0F B6 07                        	MOVZX	EAX,BYTE [EDI]
   741 0000065E C1 E0 04                        	SAL	EAX,4
   742 00000661 47                              	INC	EDI
   743 00000662 05 [00000000]                   	ADD	EAX,_hankaku
   744 00000667 50                              	PUSH	EAX
   745 00000668 0F BE 45 F3                     	MOVSX	EAX,BYTE [-13+EBP]
   746 0000066C 50                              	PUSH	EAX
   747 0000066D FF 75 14                        	PUSH	DWORD [20+EBP]
   748 00000670 FF 75 10                        	PUSH	DWORD [16+EBP]
   749 00000673 FF 75 0C                        	PUSH	DWORD [12+EBP]
   750 00000676 FF 75 08                        	PUSH	DWORD [8+EBP]
   751 00000679 E8 FFFFFD40                     	CALL	_putfont8
   752 0000067E 83 C4 18                        	ADD	ESP,24
   753 00000681 83 45 10 08                     	ADD	DWORD [16+EBP],8
   754 00000685 80 3F 00                        	CMP	BYTE [EDI],0
   755 00000688 75 D1                           	JNE	L95
   756 0000068A E9 FFFFFDEA                     	JMP	L90
   757                                          [SECTION .data]
   758 000002AD                                 _cursor.2:
   759 000002AD 2A 2E 2E 2E 2E 2E 2E 2E 2E 2E   	DB	"*..............."
       000002B7 2E 2E 2E 2E 2E 2E 
   760 000002BD 2A 2A 2E 2E 2E 2E 2E 2E 2E 2E   	DB	"**.............."
       000002C7 2E 2E 2E 2E 2E 2E 
   761 000002CD 2A 4F 2A 2E 2E 2E 2E 2E 2E 2E   	DB	"*O*............."
       000002D7 2E 2E 2E 2E 2E 2E 
   762 000002DD 2A 4F 4F 2A 2E 2E 2E 2E 2E 2E   	DB	"*OO*............"
       000002E7 2E 2E 2E 2E 2E 2E 
   763 000002ED 2A 4F 4F 4F 2A 2E 2E 2E 2E 2E   	DB	"*OOO*..........."
       000002F7 2E 2E 2E 2E 2E 2E 
   764 000002FD 2A 4F 4F 4F 4F 2A 2E 2E 2E 2E   	DB	"*OOOO*.........."
       00000307 2E 2E 2E 2E 2E 2E 
   765 0000030D 2A 4F 4F 4F 4F 4F 2A 2E 2E 2E   	DB	"*OOOOO*........."
       00000317 2E 2E 2E 2E 2E 2E 
   766 0000031D 2A 4F 4F 4F 4F 4F 4F 2A 2E 2E   	DB	"*OOOOOO*........"
       00000327 2E 2E 2E 2E 2E 2E 
   767 0000032D 2A 4F 4F 4F 4F 4F 4F 4F 2A 2E   	DB	"*OOOOOOO*......."
       00000337 2E 2E 2E 2E 2E 2E 
   768 0000033D 2A 4F 4F 4F 4F 4F 4F 4F 2A 2A   	DB	"*OOOOOOO**......"
       00000347 2E 2E 2E 2E 2E 2E 
   769 0000034D 2A 4F 4F 4F 4F 4F 2A 2A 2E 2E   	DB	"*OOOOO**........"
       00000357 2E 2E 2E 2E 2E 2E 
   770 0000035D 2A 4F 4F 4F 4F 4F 2A 2E 2E 2E   	DB	"*OOOOO*........."
       00000367 2E 2E 2E 2E 2E 2E 
   771 0000036D 2A 4F 2A 2A 2A 4F 4F 2A 2E 2E   	DB	"*O***OO*........"
       00000377 2E 2E 2E 2E 2E 2E 
   772 0000037D 2A 2A 2E 2E 2E 2A 4F 4F 2A 2E   	DB	"**...*OO*......."
       00000387 2E 2E 2E 2E 2E 2E 
   773 0000038D 2A 2E 2E 2E 2E 2E 2A 4F 2A 2E   	DB	"*.....*O*......."
       00000397 2E 2E 2E 2E 2E 2E 
   774 0000039D 2E 2E 2E 2E 2E 2E 2E 2A 2A 2E   	DB	".......**......."
       000003A7 2E 2E 2E 2E 2E 2E 
   775                                          [SECTION .text]
   776 0000068F                                 	GLOBAL	_init_mouse_cursor8
   777 0000068F                                 _init_mouse_cursor8:
   778 0000068F 55                              	PUSH	EBP
   779 00000690 89 E5                           	MOV	EBP,ESP
   780 00000692 57                              	PUSH	EDI
   781 00000693 56                              	PUSH	ESI
   782 00000694 31 FF                           	XOR	EDI,EDI
   783 00000696 53                              	PUSH	EBX
   784 00000697 31 DB                           	XOR	EBX,EBX
   785 00000699 50                              	PUSH	EAX
   786 0000069A 8A 45 0C                        	MOV	AL,BYTE [12+EBP]
   787 0000069D 8B 75 08                        	MOV	ESI,DWORD [8+EBP]
   788 000006A0 88 45 F3                        	MOV	BYTE [-13+EBP],AL
   789 000006A3                                 L141:
   790 000006A3 31 D2                           	XOR	EDX,EDX
   791 000006A5                                 L140:
   792 000006A5 8D 04 3A                        	LEA	EAX,DWORD [EDX+EDI*1]
   793 000006A8 80 B8 [000002AD] 2A             	CMP	BYTE [_cursor.2+EAX],42
   794 000006AF 74 35                           	JE	L146
   795 000006B1                                 L137:
   796 000006B1 80 B8 [000002AD] 4F             	CMP	BYTE [_cursor.2+EAX],79
   797 000006B8 74 26                           	JE	L147
   798 000006BA                                 L138:
   799 000006BA 80 B8 [000002AD] 2E             	CMP	BYTE [_cursor.2+EAX],46
   800 000006C1 74 15                           	JE	L148
   801 000006C3                                 L135:
   802 000006C3 42                              	INC	EDX
   803 000006C4 83 FA 0F                        	CMP	EDX,15
   804 000006C7 7E DC                           	JLE	L140
   805 000006C9 43                              	INC	EBX
   806 000006CA 83 C7 10                        	ADD	EDI,16
   807 000006CD 83 FB 0F                        	CMP	EBX,15
   808 000006D0 7E D1                           	JLE	L141
   809 000006D2 58                              	POP	EAX
   810 000006D3 5B                              	POP	EBX
   811 000006D4 5E                              	POP	ESI
   812 000006D5 5F                              	POP	EDI
   813 000006D6 5D                              	POP	EBP
   814 000006D7 C3                              	RET
   815 000006D8                                 L148:
   816 000006D8 8A 4D F3                        	MOV	CL,BYTE [-13+EBP]
   817 000006DB 88 0C 30                        	MOV	BYTE [EAX+ESI*1],CL
   818 000006DE EB E3                           	JMP	L135
   819 000006E0                                 L147:
   820 000006E0 C6 04 30 07                     	MOV	BYTE [EAX+ESI*1],7
   821 000006E4 EB D4                           	JMP	L138
   822 000006E6                                 L146:
   823 000006E6 C6 04 30 00                     	MOV	BYTE [EAX+ESI*1],0
   824 000006EA EB C5                           	JMP	L137
   825 000006EC                                 	GLOBAL	_putblock8_8
   826 000006EC                                 _putblock8_8:
   827 000006EC 55                              	PUSH	EBP
   828 000006ED 89 E5                           	MOV	EBP,ESP
   829 000006EF 57                              	PUSH	EDI
   830 000006F0 56                              	PUSH	ESI
   831 000006F1 31 F6                           	XOR	ESI,ESI
   832 000006F3 53                              	PUSH	EBX
   833 000006F4 83 EC 0C                        	SUB	ESP,12
   834 000006F7 3B 75 14                        	CMP	ESI,DWORD [20+EBP]
   835 000006FA 7D 3E                           	JGE	L161
   836 000006FC 31 FF                           	XOR	EDI,EDI
   837 000006FE                                 L159:
   838 000006FE 31 DB                           	XOR	EBX,EBX
   839 00000700 3B 5D 10                        	CMP	EBX,DWORD [16+EBP]
   840 00000703 7D 2C                           	JGE	L163
   841 00000705 8B 45 20                        	MOV	EAX,DWORD [32+EBP]
   842 00000708 01 F8                           	ADD	EAX,EDI
   843 0000070A 89 45 EC                        	MOV	DWORD [-20+EBP],EAX
   844 0000070D                                 L158:
   845 0000070D 8B 45 1C                        	MOV	EAX,DWORD [28+EBP]
   846 00000710 8B 55 18                        	MOV	EDX,DWORD [24+EBP]
   847 00000713 01 F0                           	ADD	EAX,ESI
   848 00000715 01 DA                           	ADD	EDX,EBX
   849 00000717 0F AF 45 0C                     	IMUL	EAX,DWORD [12+EBP]
   850 0000071B 01 D0                           	ADD	EAX,EDX
   851 0000071D 8B 4D 08                        	MOV	ECX,DWORD [8+EBP]
   852 00000720 8B 55 EC                        	MOV	EDX,DWORD [-20+EBP]
   853 00000723 43                              	INC	EBX
   854 00000724 8A 12                           	MOV	DL,BYTE [EDX]
   855 00000726 88 14 08                        	MOV	BYTE [EAX+ECX*1],DL
   856 00000729 FF 45 EC                        	INC	DWORD [-20+EBP]
   857 0000072C 3B 5D 10                        	CMP	EBX,DWORD [16+EBP]
   858 0000072F 7C DC                           	JL	L158
   859 00000731                                 L163:
   860 00000731 46                              	INC	ESI
   861 00000732 03 7D 24                        	ADD	EDI,DWORD [36+EBP]
   862 00000735 3B 75 14                        	CMP	ESI,DWORD [20+EBP]
   863 00000738 7C C4                           	JL	L159
   864 0000073A                                 L161:
   865 0000073A 83 C4 0C                        	ADD	ESP,12
   866 0000073D 5B                              	POP	EBX
   867 0000073E 5E                              	POP	ESI
   868 0000073F 5F                              	POP	EDI
   869 00000740 5D                              	POP	EBP
   870 00000741 C3                              	RET
